[?1049h[1;47r(B[m[4l[?7h[H[2JEvery 0.1s: dmesg[1;68HWed May 18 05:11:11 2016[3;1H[    0.000000] Linux version 4.5.3+ (root@hustard-server) (gcc version 4.8.4 (Ubuntu 4.8.4-[4;1H2ubuntu1~14.04.1) ) #75 SMP Wed May 18 05:03:24 KST 2016[5d[    0.000000] Command line: BOOT_IMAGE=/vmlinuz-4.5.3+ root=UUID=7ae16b1e-dd10-471a-bace-2[6;1H2c0321683a7 ro quiet splash vt.handoff=7[7d[    0.000000] x86/fpu: xstate_offset[2]:  576, xstate_sizes[2]:  256[8d[    0.000000] x86/fpu: Supporting XSAVE feature 0x01: 'x87 floating point registers'[9d[    0.000000] x86/fpu: Supporting XSAVE feature 0x02: 'SSE registers'[10d[    0.000000] x86/fpu: Supporting XSAVE feature 0x04: 'AVX registers'[11d[    0.000000] x86/fpu: Enabled xstate features 0x7, context size is 832 bytes, using 'stan[12;1Hdard' format.[13d[    0.000000] x86/fpu: Using 'eager' FPU context switches.[14d[    0.000000] e820: BIOS-provided physical RAM map:[15d[    0.000000] BIOS-e820: [mem 0x0000000000000000-0x000000000009d7ff] usable[16d[    0.000000] BIOS-e820: [mem 0x000000000009d800-0x000000000009ffff] reserved[17d[    0.000000] BIOS-e820: [mem 0x00000000000e0000-0x00000000000fffff] reserved[18d[    0.000000] BIOS-e820: [mem 0x0000000000100000-0x00000000b8bb2fff] usable[19d[    0.000000] BIOS-e820: [mem 0x00000000b8bb3000-0x00000000b8bb9fff] ACPI NVS[20d[    0.000000] BIOS-e820: [mem 0x00000000b8bba000-0x00000000b9019fff] usable[21d[    0.000000] BIOS-e820: [mem 0x00000000b901a000-0x00000000b9493fff] reserved[22d[    0.000000] BIOS-e820: [mem 0x00000000b9494000-0x00000000d8ad8fff] usable[23d[    0.000000] BIOS-e820: [mem 0x00000000d8ad9000-0x00000000d8b6afff] reserved[24d[    0.000000] BIOS-e820: [mem 0x00000000d8b6b000-0x00000000d8b86fff] ACPI data[25d[    0.000000] BIOS-e820: [mem 0x00000000d8b87000-0x00000000d90affff] ACPI NVS[26d[    0.000000] BIOS-e820: [mem 0x00000000d90b0000-0x00000000d9ffefff] reserved[27d[    0.000000] BIOS-e820: [mem 0x00000000d9fff000-0x00000000d9ffffff] usable[28d[    0.000000] BIOS-e820: [mem 0x00000000dc000000-0x00000000de1fffff] reserved[29d[    0.000000] BIOS-e820: [mem 0x00000000f8000000-0x00000000fbffffff] reserved[30d[    0.000000] BIOS-e820: [mem 0x00000000fec00000-0x00000000fec00fff] reserved[31d[    0.000000] BIOS-e820: [mem 0x00000000fed00000-0x00000000fed03fff] reserved[32d[    0.000000] BIOS-e820: [mem 0x00000000fed1c000-0x00000000fed1ffff] reserved[33d[    0.000000] BIOS-e820: [mem 0x00000000fee00000-0x00000000fee00fff] reserved[34d[    0.000000] BIOS-e820: [mem 0x00000000ff000000-0x00000000ffffffff] reserved[35d[    0.000000] BIOS-e820: [mem 0x0000000100000000-0x000000061fdfffff] usable[36d[    0.000000] NX (Execute Disable) protection: active[37d[    0.000000] SMBIOS 2.8 present.[38d[    0.000000] DMI: ASUS All Series/H97-PRO, BIOS 2510 10/09/2014[39d[    0.000000] e820: update [mem 0x00000000-0x00000fff] usable ==> reserved[40d[    0.000000] e820: remove [mem 0x000a0000-0x000fffff] usable[41d[    0.000000] e820: last_pfn = 0x61fe00 max_arch_pfn = 0x400000000[42d[    0.000000] MTRR default type: uncachable[43d[    0.000000] MTRR fixed ranges enabled:[44d[    0.000000]   00000-9FFFF write-back[45d[    0.000000]   A0000-BFFFF uncachable[46d[    0.000000]   C0000-CFFFF write-protect[47d[    0.000000]   D0000-E7FFF uncachable[91G[1;86H2[47;91H[1;86H3[47;91H[1;86H4[47;91H[1;86H5[47;91H[47;1H[?1049l[?1l>